// Jest Snapshot v1, https://goo.gl/fbAQLP

exports[`renders component and maches snap 1`] = `
<header>
  <CloseButton
    onClick={[Function]}
    title="close"
  >
    <button
      className="CloseButton-sc-1lvvgfc-0 iLooDA"
      onClick={[Function]}
      title="close"
    >
      ×
    </button>
  </CloseButton>
  <Supreme>
    <h3
      className="Supreme-dtbm01-0 hzNWwp"
    >
      test
       - Cart
    </h3>
  </Supreme>
  <p>
    You have 
    1
     item 
     
    in your cart
  </p>
</header>
`;
