// Jest Snapshot v1, https://goo.gl/fbAQLP

exports[`renders component and maches snap 1`] = `
<form
  className="Form-sc-1c1u0cd-0 bUSGKY"
  data-test="form"
  onSubmit={[Function]}
>
  <DisplayError
    error={Object {}}
  >
    <p />
  </DisplayError>
  <fieldset
    aria-busy={false}
    disabled=""
  >
    <label
      htmlFor="file"
    >
      Image
      <input
        id="file"
        name="file"
        onChange={[Function]}
        placeholder="Upload an image"
        required={true}
        type="file"
      />
    </label>
    <label
      htmlFor="title"
    >
      Title
      <input
        id="title"
        name="title"
        onChange={[Function]}
        placeholder="Title"
        required={true}
        type="text"
        value=""
      />
    </label>
    <label
      htmlFor="price"
    >
      Price
      <input
        id="price"
        name="price"
        onChange={[Function]}
        placeholder="Price"
        required={true}
        type="number"
        value=""
      />
    </label>
    <label
      htmlFor="description"
    >
      Description
      <input
        id="description"
        name="description"
        onChange={[Function]}
        placeholder="Enter a description"
        required={true}
        type="text"
        value=""
      />
    </label>
    <button
      type="submit"
    >
      Submit
    </button>
  </fieldset>
</form>
`;
