// Jest Snapshot v1, https://goo.gl/fbAQLP

exports[`renders user nav component when signed in 1`] = `
Array [
  <PaginationStyles
    data-test="pagination"
  >
    <div
      className="PaginationStyles-hhtwtv-0 BfNRm"
      data-test="pagination"
    >
      <Head>
        <_default
          headManager={Object {}}
          inAmpMode={false}
          reduceComponentsToState={[Function]}
        />
      </Head>
      <Link
        href={
          Object {
            "pathname": "/catalog",
            "query": Object {
              "page": 0,
            },
          }
        }
      >
        <a
          aria-disabled={true}
          className="prev"
          href="/items?page=0"
          onClick={[Function]}
          onMouseEnter={[Function]}
        >
          ⬅ Prev
        </a>
      </Link>
      <p>
        Page 
        1
         of 
        <span
          className="allPages"
        >
          3
        </span>
      </p>
      <Link
        href={
          Object {
            "pathname": "/catalog",
            "query": Object {
              "page": 2,
            },
          }
        }
      >
        <a
          aria-disabled={false}
          className="next"
          href="/items?page=2"
          onClick={[Function]}
          onMouseEnter={[Function]}
        >
          ➡ Next
        </a>
      </Link>
    </div>
  </PaginationStyles>,
  <div
    className="PaginationStyles-hhtwtv-0 BfNRm"
    data-test="pagination"
  >
    <Head>
      <_default
        headManager={Object {}}
        inAmpMode={false}
        reduceComponentsToState={[Function]}
      />
    </Head>
    <Link
      href={
        Object {
          "pathname": "/catalog",
          "query": Object {
            "page": 0,
          },
        }
      }
    >
      <a
        aria-disabled={true}
        className="prev"
        href="/items?page=0"
        onClick={[Function]}
        onMouseEnter={[Function]}
      >
        ⬅ Prev
      </a>
    </Link>
    <p>
      Page 
      1
       of 
      <span
        className="allPages"
      >
        3
      </span>
    </p>
    <Link
      href={
        Object {
          "pathname": "/catalog",
          "query": Object {
            "page": 2,
          },
        }
      }
    >
      <a
        aria-disabled={false}
        className="next"
        href="/items?page=2"
        onClick={[Function]}
        onMouseEnter={[Function]}
      >
        ➡ Next
      </a>
    </Link>
  </div>,
]
`;
