// Jest Snapshot v1, https://goo.gl/fbAQLP

exports[`errors when no item found 1`] = `
<p
  data-test="graphql-error"
>
  <strong>
    Error!
  </strong>
  Item not found
</p>
`;

exports[`renders correctly 1`] = `null`;

exports[`renders correctly 2`] = `null`;

exports[`renders correctly 3`] = `
<p>
  Loading...
</p>
`;
